14:30:38 **** Incremental Build of configuration Debug for project dcMotor ****
make -j7 all 
arm-none-eabi-gcc "../Core/Src/app.c" -mcpu=cortex-m4 -std=gnu11 -g3 -DDEBUG -DUSE_HAL_DRIVER -DSTM32F411xE -c -I../Core/Inc -I../Drivers/STM32F4xx_HAL_Driver/Inc -I../Drivers/STM32F4xx_HAL_Driver/Inc/Legacy -I../Drivers/CMSIS/Device/ST/STM32F4xx/Include -I../Drivers/CMSIS/Include -O0 -ffunction-sections -fdata-sections -Wall -fstack-usage -fcyclomatic-complexity -MMD -MP -MF"Core/Src/app.d" -MT"Core/Src/app.o" --specs=nano.specs -mfpu=fpv4-sp-d16 -mfloat-abi=hard -mthumb -o "Core/Src/app.o"
arm-none-eabi-gcc -o "dcMotor.elf" @"objects.list"   -mcpu=cortex-m4 -T"/Users/ch.lee/STM32CubeIDE/workspace_1.17.0/dcMotor/STM32F411RETX_FLASH.ld" --specs=nosys.specs -Wl,-Map="dcMotor.map" -Wl,--gc-sections -static --specs=nano.specs -mfpu=fpv4-sp-d16 -mfloat-abi=hard -mthumb -Wl,--start-group -lc -lm -Wl,--end-group
Finished building target: dcMotor.elf
 
arm-none-eabi-size  dcMotor.elf 
arm-none-eabi-objdump -h -S dcMotor.elf  > "dcMotor.list"
   text	   data	    bss	    dec	    hex	filename
  19964	    104	   2224	  22292	   5714	dcMotor.elf
Finished building: default.size.stdout
 
Finished building: dcMotor.list
 

14:30:38 Build Finished. 0 errors, 0 warnings. (took 539ms)

